=======================================================
PINN v2 — Coordinate Descent
=======================================================

[1/3] Simulando...
  FD: dx=5.00m  dt=0.00200s  CFL=0.200
  Rango P: [0.000e+00, 1.398e-03]

[2/3] Entrenando...
Device: cuda
P_scale = 1.1997e-03
x_leak inicial: 500.0 m  (real: 650.0 m)

────────────────────────────────────────────────────────────
FASE 1 (10000 epochs) — Annealing con sigma=200.0
────────────────────────────────────────────────────────────
  ep  1000 | L=8.787e+03 | dat=6.991e+00 bc=1.067e+01 ic=7.198e+00 | x_leak=500.0m | sig=278.0
  ep  2000 | L=3.270e+02 | dat=2.981e-01 bc=4.726e-02 ic=1.601e-01 | x_leak=500.0m | sig=256.0
  ep  3000 | L=2.672e+02 | dat=2.388e-01 bc=2.957e-02 ic=1.652e-01 | x_leak=500.0m | sig=234.0
  ep  4000 | L=6.038e+02 | dat=4.580e-01 bc=7.631e-01 ic=5.961e-01 | x_leak=500.0m | sig=212.0
  ep  5000 | L=1.182e+02 | dat=9.634e-02 bc=3.419e-02 ic=7.929e-02 | x_leak=500.0m | sig=190.0
  ep  6000 | L=1.205e+02 | dat=1.024e-01 bc=2.094e-02 ic=5.530e-02 | x_leak=500.0m | sig=168.0
  ep  7000 | L=1.940e+02 | dat=1.418e-01 bc=2.456e-01 ic=1.818e-01 | x_leak=500.0m | sig=146.0
  ep  8000 | L=7.724e+01 | dat=5.808e-02 bc=2.567e-02 ic=5.119e-02 | x_leak=500.0m | sig=124.0
  ep  9000 | L=7.749e+01 | dat=5.005e-02 bc=3.639e-02 ic=7.235e-02 | x_leak=500.0m | sig=102.0
  ep 10000 | L=7.875e+01 | dat=4.708e-02 bc=2.710e-02 ic=6.444e-02 | x_leak=500.0m | sig=80.0

────────────────────────────────────────────────────────────
FASE 2 (5000 epochs) — Fine-tuning con sigma=80.0
────────────────────────────────────────────────────────────
  ep   500 | L_pde=1.6834e+01 | x_leak=948.9m | error=298.9m
  ep  1000 | L_pde=1.6581e+01 | x_leak=949.4m | error=299.4m
  ep  1500 | L_pde=1.6575e+01 | x_leak=949.6m | error=299.6m
  ep  2000 | L_pde=1.6558e+01 | x_leak=949.8m | error=299.8m
  ep  2500 | L_pde=1.6779e+01 | x_leak=949.8m | error=299.8m
  ep  3000 | L_pde=1.6556e+01 | x_leak=949.9m | error=299.9m
  ep  3500 | L_pde=1.7053e+01 | x_leak=949.9m | error=299.9m
  ep  4000 | L_pde=1.7025e+01 | x_leak=949.9m | error=299.9m
  ep  4500 | L_pde=1.7045e+01 | x_leak=949.9m | error=299.9m
  ep  5000 | L_pde=1.7028e+01 | x_leak=949.9m | error=299.9m

==================================================
  x_leak real:  650.0 m
  x_leak pred:  949.9 m
  Error:        299.9 m
==================================================

[3/3] Figuras...
Guardado: pinn_wave_v2.png
